18:23:44 round6: KernelWorkerStatus.RUNNING
18:27:47 round6: KernelWorkerStatus.RUNNING
18:31:48 round6: KernelWorkerStatus.RUNNING
18:35:50 round6: KernelWorkerStatus.RUNNING
18:39:51 round6: KernelWorkerStatus.RUNNING
18:43:52 round6: KernelWorkerStatus.RUNNING
18:47:55 round6: KernelWorkerStatus.RUNNING
18:51:58 round6: KernelWorkerStatus.RUNNING
18:55:59 round6: KernelWorkerStatus.RUNNING
19:00:02 round6: KernelWorkerStatus.RUNNING
19:04:04 round6: KernelWorkerStatus.RUNNING
19:08:06 round6: KernelWorkerStatus.RUNNING
19:12:07 round6: KernelWorkerStatus.RUNNING
19:16:09 round6: KernelWorkerStatus.RUNNING
19:20:13 round6: KernelWorkerStatus.RUNNING
19:24:14 round6: KernelWorkerStatus.RUNNING
19:28:17 round6: KernelWorkerStatus.RUNNING
19:32:20 round6: KernelWorkerStatus.RUNNING
19:36:22 round6: KernelWorkerStatus.RUNNING
19:40:24 round6: KernelWorkerStatus.RUNNING
19:44:25 round6: KernelWorkerStatus.RUNNING
19:48:27 round6: KernelWorkerStatus.RUNNING
19:52:29 round6: KernelWorkerStatus.RUNNING
19:56:32 round6: KernelWorkerStatus.RUNNING
20:00:34 round6: KernelWorkerStatus.RUNNING
20:04:35 round6: KernelWorkerStatus.RUNNING
20:08:37 round6: KernelWorkerStatus.RUNNING
20:12:40 round6: KernelWorkerStatus.RUNNING
20:16:41 round6: KernelWorkerStatus.RUNNING
20:20:43 round6: KernelWorkerStatus.RUNNING
20:24:46 round6: KernelWorkerStatus.RUNNING
20:28:47 round6: KernelWorkerStatus.RUNNING
20:32:50 round6: KernelWorkerStatus.RUNNING
20:36:52 round6: KernelWorkerStatus.RUNNING
20:40:54 round6: KernelWorkerStatus.COMPLETE
Output file downloaded to /Users/mac/amazon-ml-2026/runs/round6_out/src/run_stage1.py
Kernel log downloaded to /Users/mac/amazon-ml-2026/runs/round6_out/round6-full.log 
20:43:17 ROUND6 HARVESTED
20:44:52 v10 push: Kernel version 10 successfully pushed.  Please check progress at https://www.kaggle.com/code/anshuaman0904/er-v6
20:44:52 CHAIN4 DONE
