05:39:40 stage1 push: Kernel version 3 successfully pushed.  Please check progress at https://www.kaggle.com/code/anshuaman0904/stage1-all
05:40:43 stage1: anshuaman0904/stage1-all has status "KernelWorkerStatus.RUNNING"
05:43:45 stage1: anshuaman0904/stage1-all has status "KernelWorkerStatus.RUNNING"
05:46:47 stage1: anshuaman0904/stage1-all has status "KernelWorkerStatus.RUNNING"
05:49:50 stage1: anshuaman0904/stage1-all has status "KernelWorkerStatus.RUNNING"
05:52:53 stage1: anshuaman0904/stage1-all has status "KernelWorkerStatus.RUNNING"
05:55:55 stage1: anshuaman0904/stage1-all has status "KernelWorkerStatus.RUNNING"
05:58:57 stage1: anshuaman0904/stage1-all has status "KernelWorkerStatus.RUNNING"
06:02:02 stage1: anshuaman0904/stage1-all has status "KernelWorkerStatus.RUNNING"
06:05:04 stage1: anshuaman0904/stage1-all has status "KernelWorkerStatus.RUNNING"
06:08:06 stage1: anshuaman0904/stage1-all has status "KernelWorkerStatus.RUNNING"
06:11:10 stage1: anshuaman0904/stage1-all has status "KernelWorkerStatus.RUNNING"
06:14:12 stage1: anshuaman0904/stage1-all has status "KernelWorkerStatus.RUNNING"
06:17:15 stage1: anshuaman0904/stage1-all has status "KernelWorkerStatus.RUNNING"
06:20:18 stage1: anshuaman0904/stage1-all has status "KernelWorkerStatus.RUNNING"
06:23:21 stage1: anshuaman0904/stage1-all has status "KernelWorkerStatus.RUNNING"
06:26:23 stage1: anshuaman0904/stage1-all has status "KernelWorkerStatus.RUNNING"
06:29:25 stage1: anshuaman0904/stage1-all has status "KernelWorkerStatus.RUNNING"
06:32:27 stage1: anshuaman0904/stage1-all has status "KernelWorkerStatus.RUNNING"
06:35:31 stage1: anshuaman0904/stage1-all has status "KernelWorkerStatus.RUNNING"
06:38:33 stage1: anshuaman0904/stage1-all has status "KernelWorkerStatus.RUNNING"
06:41:35 stage1: anshuaman0904/stage1-all has status "KernelWorkerStatus.RUNNING"
06:44:36 stage1: anshuaman0904/stage1-all has status "KernelWorkerStatus.RUNNING"
06:47:39 stage1: anshuaman0904/stage1-all has status "KernelWorkerStatus.RUNNING"
06:50:42 stage1: anshuaman0904/stage1-all has status "KernelWorkerStatus.RUNNING"
06:53:45 stage1: anshuaman0904/stage1-all has status "KernelWorkerStatus.RUNNING"
06:56:47 stage1: anshuaman0904/stage1-all has status "KernelWorkerStatus.RUNNING"
06:59:50 stage1: anshuaman0904/stage1-all has status "KernelWorkerStatus.RUNNING"
07:02:54 stage1: anshuaman0904/stage1-all has status "KernelWorkerStatus.RUNNING"
07:05:55 stage1: anshuaman0904/stage1-all has status "KernelWorkerStatus.RUNNING"
07:08:57 stage1: anshuaman0904/stage1-all has status "KernelWorkerStatus.RUNNING"
07:12:00 stage1: anshuaman0904/stage1-all has status "KernelWorkerStatus.RUNNING"
07:15:02 stage1: anshuaman0904/stage1-all has status "KernelWorkerStatus.RUNNING"
07:18:05 stage1: anshuaman0904/stage1-all has status "KernelWorkerStatus.RUNNING"
07:21:07 stage1: anshuaman0904/stage1-all has status "KernelWorkerStatus.RUNNING"
07:24:10 stage1: anshuaman0904/stage1-all has status "KernelWorkerStatus.RUNNING"
07:27:14 stage1: anshuaman0904/stage1-all has status "KernelWorkerStatus.RUNNING"
07:30:15 stage1: anshuaman0904/stage1-all has status "KernelWorkerStatus.RUNNING"
07:33:16 stage1: anshuaman0904/stage1-all has status "KernelWorkerStatus.RUNNING"
07:36:19 stage1: anshuaman0904/stage1-all has status "KernelWorkerStatus.RUNNING"
07:39:20 stage1: anshuaman0904/stage1-all has status "KernelWorkerStatus.RUNNING"
07:42:22 stage1: anshuaman0904/stage1-all has status "KernelWorkerStatus.RUNNING"
07:45:25 stage1: anshuaman0904/stage1-all has status "KernelWorkerStatus.RUNNING"
07:48:27 stage1: anshuaman0904/stage1-all has status "KernelWorkerStatus.RUNNING"
07:51:29 stage1: anshuaman0904/stage1-all has status "KernelWorkerStatus.RUNNING"
07:54:32 stage1: anshuaman0904/stage1-all has status "KernelWorkerStatus.RUNNING"
07:57:35 stage1: anshuaman0904/stage1-all has status "KernelWorkerStatus.RUNNING"
08:00:38 stage1: anshuaman0904/stage1-all has status "KernelWorkerStatus.RUNNING"
08:03:41 stage1: anshuaman0904/stage1-all has status "KernelWorkerStatus.RUNNING"
08:06:44 stage1: anshuaman0904/stage1-all has status "KernelWorkerStatus.RUNNING"
08:09:46 stage1: anshuaman0904/stage1-all has status "KernelWorkerStatus.RUNNING"
08:12:49 stage1: anshuaman0904/stage1-all has status "KernelWorkerStatus.RUNNING"
08:15:52 stage1: anshuaman0904/stage1-all has status "KernelWorkerStatus.RUNNING"
08:18:54 stage1: anshuaman0904/stage1-all has status "KernelWorkerStatus.RUNNING"
08:21:56 stage1: anshuaman0904/stage1-all has status "KernelWorkerStatus.RUNNING"
08:24:57 stage1: anshuaman0904/stage1-all has status "KernelWorkerStatus.RUNNING"
08:27:59 stage1: anshuaman0904/stage1-all has status "KernelWorkerStatus.RUNNING"
08:31:02 stage1: anshuaman0904/stage1-all has status "KernelWorkerStatus.RUNNING"
08:34:05 stage1: anshuaman0904/stage1-all has status "KernelWorkerStatus.RUNNING"
08:37:08 stage1: anshuaman0904/stage1-all has status "KernelWorkerStatus.RUNNING"
08:40:11 stage1: anshuaman0904/stage1-all has status "KernelWorkerStatus.RUNNING"
08:43:12 stage1: anshuaman0904/stage1-all has status "KernelWorkerStatus.RUNNING"
08:46:14 stage1: anshuaman0904/stage1-all has status "KernelWorkerStatus.RUNNING"
08:49:17 stage1: anshuaman0904/stage1-all has status "KernelWorkerStatus.RUNNING"
08:52:18 stage1: anshuaman0904/stage1-all has status "KernelWorkerStatus.RUNNING"
08:55:20 stage1: anshuaman0904/stage1-all has status "KernelWorkerStatus.RUNNING"
08:58:22 stage1: anshuaman0904/stage1-all has status "KernelWorkerStatus.RUNNING"
09:01:25 stage1: anshuaman0904/stage1-all has status "KernelWorkerStatus.RUNNING"
09:04:27 stage1: anshuaman0904/stage1-all has status "KernelWorkerStatus.RUNNING"
09:07:30 stage1: anshuaman0904/stage1-all has status "KernelWorkerStatus.RUNNING"
09:10:33 stage1: anshuaman0904/stage1-all has status "KernelWorkerStatus.RUNNING"
09:13:35 stage1: anshuaman0904/stage1-all has status "KernelWorkerStatus.RUNNING"
09:16:37 stage1: anshuaman0904/stage1-all has status "KernelWorkerStatus.RUNNING"
09:19:40 stage1: anshuaman0904/stage1-all has status "KernelWorkerStatus.RUNNING"
09:22:41 stage1: anshuaman0904/stage1-all has status "KernelWorkerStatus.RUNNING"
09:25:43 stage1: anshuaman0904/stage1-all has status "KernelWorkerStatus.RUNNING"
09:28:44 stage1: anshuaman0904/stage1-all has status "KernelWorkerStatus.RUNNING"
09:31:46 stage1: anshuaman0904/stage1-all has status "KernelWorkerStatus.RUNNING"
09:34:49 stage1: anshuaman0904/stage1-all has status "KernelWorkerStatus.RUNNING"
09:37:52 stage1: anshuaman0904/stage1-all has status "KernelWorkerStatus.RUNNING"
09:40:54 stage1: anshuaman0904/stage1-all has status "KernelWorkerStatus.RUNNING"
09:43:55 stage1: anshuaman0904/stage1-all has status "KernelWorkerStatus.RUNNING"
09:46:57 stage1: anshuaman0904/stage1-all has status "KernelWorkerStatus.RUNNING"
09:50:00 stage1: anshuaman0904/stage1-all has status "KernelWorkerStatus.RUNNING"
09:53:03 stage1: anshuaman0904/stage1-all has status "KernelWorkerStatus.RUNNING"
09:56:05 stage1: anshuaman0904/stage1-all has status "KernelWorkerStatus.RUNNING"
09:59:06 stage1: anshuaman0904/stage1-all has status "KernelWorkerStatus.RUNNING"
10:02:08 stage1: anshuaman0904/stage1-all has status "KernelWorkerStatus.RUNNING"
10:05:11 stage1: anshuaman0904/stage1-all has status "KernelWorkerStatus.RUNNING"
10:08:12 stage1: anshuaman0904/stage1-all has status "KernelWorkerStatus.RUNNING"
10:11:15 stage1: anshuaman0904/stage1-all has status "KernelWorkerStatus.RUNNING"
10:14:17 stage1: anshuaman0904/stage1-all has status "KernelWorkerStatus.RUNNING"
10:17:20 stage1: anshuaman0904/stage1-all has status "KernelWorkerStatus.RUNNING"
10:20:22 stage1: anshuaman0904/stage1-all has status "KernelWorkerStatus.RUNNING"
10:23:24 stage1: anshuaman0904/stage1-all has status "KernelWorkerStatus.RUNNING"
10:26:27 stage1: anshuaman0904/stage1-all has status "KernelWorkerStatus.RUNNING"
10:29:30 stage1: anshuaman0904/stage1-all has status "KernelWorkerStatus.RUNNING"
10:32:32 stage1: anshuaman0904/stage1-all has status "KernelWorkerStatus.RUNNING"
10:35:35 stage1: anshuaman0904/stage1-all has status "KernelWorkerStatus.RUNNING"
10:38:36 stage1: anshuaman0904/stage1-all has status "KernelWorkerStatus.RUNNING"
10:41:38 stage1: anshuaman0904/stage1-all has status "KernelWorkerStatus.COMPLETE"
10:53:44 out: Output file downloaded to /tmp/s1chk/er_work/edges_train_q1.parquet
10:53:44 out: Output file downloaded to /tmp/s1chk/er_work/edges_train_q1_extra.parquet
10:53:44 STAGE1 COMPLETE BUT NO OUTPUT — files: er_work 
